// Jest Snapshot v1, https://goo.gl/fbAQLP

exports[`MoltbotStack Snapshot Tests template matches snapshot 1`] = `
{
  "Outputs": {
    "ConnectCommand": {
      "Description": "Command to connect via Session Manager (no SSH needed)",
      "Export": {
        "Name": "MoltbotConnectCommand",
      },
      "Value": {
        "Fn::Join": [
          "",
          [
            "aws ssm start-session --target ",
            {
              "Ref": "MoltbotInstance3484B6C0",
            },
            " --region ",
            {
              "Ref": "AWS::Region",
            },
          ],
        ],
      },
    },
    "DeploymentNotes": {
      "Description": "Post-deployment steps",
      "Value": "✅ Deployment complete! | 1. Connect: Use Session Manager (see ConnectCommand output) | 2. Logs: Check /var/log/moltbot-bootstrap.log for setup | 3. Status: Run systemctl status moltbot | 4. Security: Zero inbound ports, KMS-encrypted secrets | 5. Cost: Monitor via AWS Budgets (alert at 80%)",
    },
    "InstanceId": {
      "Description": "EC2 Instance ID",
      "Export": {
        "Name": "MoltbotInstanceId",
      },
      "Value": {
        "Ref": "MoltbotInstance3484B6C0",
      },
    },
    "InstancePublicIp": {
      "Description": "Public IP (for reference only - SSH disabled)",
      "Export": {
        "Name": "MoltbotPublicIp",
      },
      "Value": {
        "Fn::GetAtt": [
          "MoltbotInstance3484B6C0",
          "PublicIp",
        ],
      },
    },
    "LogsCommand": {
      "Description": "Command to view live logs",
      "Export": {
        "Name": "MoltbotLogsCommand",
      },
      "Value": {
        "Fn::Join": [
          "",
          [
            "aws logs tail /moltbot/gateway --follow --region ",
            {
              "Ref": "AWS::Region",
            },
          ],
        ],
      },
    },
    "SecurityGroupId": {
      "Description": "Security Group ID (zero inbound rules)",
      "Export": {
        "Name": "MoltbotSecurityGroupId",
      },
      "Value": {
        "Fn::GetAtt": [
          "MoltbotSecurityGroup55DBB83C",
          "GroupId",
        ],
      },
    },
    "ServiceStatusCommand": {
      "Description": "Command to check Moltbot service status",
      "Export": {
        "Name": "MoltbotStatusCommand",
      },
      "Value": {
        "Fn::Join": [
          "",
          [
            "aws ssm start-session --target ",
            {
              "Ref": "MoltbotInstance3484B6C0",
            },
            " --region ",
            {
              "Ref": "AWS::Region",
            },
            " && sudo systemctl status moltbot",
          ],
        ],
      },
    },
    "TelegramTokenParameterArn": {
      "Description": "SSM Parameter ARN for Telegram token (KMS encrypted)",
      "Export": {
        "Name": "MoltbotTelegramTokenArn",
      },
      "Value": {
        "Fn::Join": [
          "",
          [
            "arn:",
            {
              "Ref": "AWS::Partition",
            },
            ":ssm:",
            {
              "Ref": "AWS::Region",
            },
            ":",
            {
              "Ref": "AWS::AccountId",
            },
            ":parameter",
            {
              "Ref": "TelegramTokenParameter12303434",
            },
          ],
        ],
      },
    },
  },
  "Parameters": {
    "BedrockModel": {
      "AllowedValues": [
        "anthropic.claude-sonnet-4-5-v2",
        "anthropic.claude-opus-4-5-v2",
        "anthropic.claude-3-5-sonnet-20241022-v2:0",
      ],
      "Default": "anthropic.claude-sonnet-4-5-v2",
      "Description": "Bedrock model to use (Sonnet 4.5 recommended for cost)",
      "Type": "String",
    },
    "BootstrapVersion": {
      "Default": "/cdk-bootstrap/hnb659fds/version",
      "Description": "Version of the CDK Bootstrap resources in this environment, automatically retrieved from SSM Parameter Store. [cdk:skip]",
      "Type": "AWS::SSM::Parameter::Value<String>",
    },
    "BudgetAlertEmail": {
      "AllowedPattern": "^$|^[a-zA-Z0-9._%+-]+@[a-zA-Z0-9.-]+\\.[a-zA-Z]{2,}$",
      "ConstraintDescription": "Must be a valid email address or empty",
      "Default": "",
      "Description": "Email address for budget alerts (optional - leave empty to skip email notifications)",
      "Type": "String",
    },
    "EnableGuardrails": {
      "AllowedValues": [
        "true",
        "false",
      ],
      "Default": "false",
      "Description": "Enable Bedrock Guardrails for prompt injection protection (additional cost)",
      "Type": "String",
    },
    "InstanceType": {
      "AllowedValues": [
        "t3.micro",
        "t3.small",
        "t3.medium",
      ],
      "Default": "t3.micro",
      "Description": "EC2 instance type (t3.micro = Free Tier eligible)",
      "Type": "String",
    },
    "MonthlyBudget": {
      "Default": 50,
      "Description": "Monthly budget limit in USD (alert at 80%)",
      "MaxValue": 500,
      "MinValue": 10,
      "Type": "Number",
    },
    "SsmParameterValueawsserviceamiamazonlinuxlatestal2023amikernel61x8664C96584B6F00A464EAD1953AFF4B05118Parameter": {
      "Default": "/aws/service/ami-amazon-linux-latest/al2023-ami-kernel-6.1-x86_64",
      "Type": "AWS::SSM::Parameter::Value<AWS::EC2::Image::Id>",
    },
    "TelegramBotToken": {
      "ConstraintDescription": "Must be a valid Telegram Bot Token",
      "Description": "Telegram Bot Token (get from @BotFather)",
      "NoEcho": true,
      "Type": "String",
    },
  },
  "Resources": {
    "BedrockModelParameter66FBACFB": {
      "Properties": {
        "Description": "Bedrock model identifier",
        "Name": "/moltbot/bedrock-model",
        "Tier": "Standard",
        "Type": "String",
        "Value": {
          "Ref": "BedrockModel",
        },
      },
      "Type": "AWS::SSM::Parameter",
    },
    "CPUUtilizationAlarm4D91B4D0": {
      "Properties": {
        "AlarmDescription": "Alert when CPU utilization exceeds 90% for 15 minutes",
        "AlarmName": "moltbot-cpu-high",
        "ComparisonOperator": "GreaterThanOrEqualToThreshold",
        "Dimensions": [
          {
            "Name": "InstanceId",
            "Value": {
              "Ref": "MoltbotInstance3484B6C0",
            },
          },
        ],
        "EvaluationPeriods": 3,
        "MetricName": "CPUUtilization",
        "Namespace": "AWS/EC2",
        "Period": 300,
        "Statistic": "Average",
        "Threshold": 90,
        "TreatMissingData": "notBreaching",
      },
      "Type": "AWS::CloudWatch::Alarm",
    },
    "GuardrailIdParameterDisabledC7FA6699": {
      "Properties": {
        "Description": "Guardrails disabled",
        "Name": "/moltbot/guardrail-id",
        "Tier": "Standard",
        "Type": "String",
        "Value": "DISABLED",
      },
      "Type": "AWS::SSM::Parameter",
    },
    "InstanceHealthAlarm26A15519": {
      "Properties": {
        "AlarmDescription": "Alert when Moltbot instance fails health checks",
        "AlarmName": "moltbot-instance-health",
        "ComparisonOperator": "GreaterThanOrEqualToThreshold",
        "Dimensions": [
          {
            "Name": "InstanceId",
            "Value": {
              "Ref": "MoltbotInstance3484B6C0",
            },
          },
        ],
        "EvaluationPeriods": 2,
        "MetricName": "StatusCheckFailed",
        "Namespace": "AWS/EC2",
        "Period": 300,
        "Statistic": "Maximum",
        "Threshold": 1,
        "TreatMissingData": "notBreaching",
      },
      "Type": "AWS::CloudWatch::Alarm",
    },
    "MoltbotBudget": {
      "Properties": {
        "Budget": {
          "BudgetLimit": {
            "Amount": {
              "Ref": "MonthlyBudget",
            },
            "Unit": "USD",
          },
          "BudgetName": "Moltbot-Monthly-Budget",
          "BudgetType": "COST",
          "CostFilters": {
            "TagKeyValue": [
              "user:Application$Moltbot",
            ],
          },
          "TimeUnit": "MONTHLY",
        },
        "NotificationsWithSubscribers": [
          {
            "Notification": {
              "ComparisonOperator": "GREATER_THAN",
              "NotificationType": "ACTUAL",
              "Threshold": 80,
              "ThresholdType": "PERCENTAGE",
            },
            "Subscribers": [
              {
                "Address": {
                  "Ref": "BudgetAlertEmail",
                },
                "SubscriptionType": "EMAIL",
              },
            ],
          },
          {
            "Notification": {
              "ComparisonOperator": "GREATER_THAN",
              "NotificationType": "FORECASTED",
              "Threshold": 100,
              "ThresholdType": "PERCENTAGE",
            },
            "Subscribers": [
              {
                "Address": {
                  "Ref": "BudgetAlertEmail",
                },
                "SubscriptionType": "EMAIL",
              },
            ],
          },
        ],
      },
      "Type": "AWS::Budgets::Budget",
    },
    "MoltbotInstance3484B6C0": {
      "DependsOn": [
        "MoltbotInstanceRoleDefaultPolicy422735F1",
        "MoltbotInstanceRoleC4110890",
      ],
      "Properties": {
        "AvailabilityZone": {
          "Fn::Select": [
            0,
            {
              "Fn::GetAZs": "",
            },
          ],
        },
        "BlockDeviceMappings": [
          {
            "DeviceName": "/dev/xvda",
            "Ebs": {
              "DeleteOnTermination": true,
              "Encrypted": true,
              "VolumeSize": 8,
              "VolumeType": "gp3",
            },
          },
        ],
        "IamInstanceProfile": {
          "Ref": "MoltbotInstanceInstanceProfile815F089D",
        },
        "ImageId": {
          "Ref": "SsmParameterValueawsserviceamiamazonlinuxlatestal2023amikernel61x8664C96584B6F00A464EAD1953AFF4B05118Parameter",
        },
        "InstanceType": {
          "Ref": "InstanceType",
        },
        "LaunchTemplate": {
          "LaunchTemplateName": "MoltbotInstanceLaunchTemplate",
          "Version": {
            "Fn::GetAtt": [
              "MoltbotInstanceLaunchTemplate299DD40D",
              "LatestVersionNumber",
            ],
          },
        },
        "SecurityGroupIds": [
          {
            "Fn::GetAtt": [
              "MoltbotSecurityGroup55DBB83C",
              "GroupId",
            ],
          },
        ],
        "SubnetId": {
          "Ref": "MoltbotVPCPublicSubnet1SubnetBA37B971",
        },
        "Tags": [
          {
            "Key": "Application",
            "Value": "Moltbot",
          },
          {
            "Key": "CostCenter",
            "Value": "AI-Assistant",
          },
          {
            "Key": "Name",
            "Value": "moltbot-gateway",
          },
        ],
        "UserData": {
          "Fn::Base64": {
            "Fn::Join": [
              "",
              [
                "#!/bin/bash
#!/bin/bash
set -e
exec > >(tee /var/log/moltbot-bootstrap.log)
exec 2>&1

echo "=== Moltbot Bootstrap Started ==="
date

# Update system
yum update -y

# Install Node.js 22 (required for Moltbot)
echo "Installing Node.js 22..."
curl -fsSL https://rpm.nodesource.com/setup_22.x | bash -
yum install -y nodejs
node --version
npm --version

# Install AWS CLI v2 (if not present)
if ! command -v aws &> /dev/null; then
  echo "Installing AWS CLI v2..."
  curl "https://awscli.amazonaws.com/awscli-exe-linux-x86_64.zip" -o "awscliv2.zip"
  yum install -y unzip
  unzip awscliv2.zip
  ./aws/install
  rm -rf aws awscliv2.zip
fi

# Get AWS region
REGION="",
                {
                  "Ref": "AWS::Region",
                },
                ""
echo "Region: $REGION"

# Retrieve Telegram token from SSM
echo "Retrieving Telegram token from SSM..."
TELEGRAM_TOKEN=$(aws ssm get-parameter \\
  --name /moltbot/telegram-token \\
  --with-decryption \\
  --region $REGION \\
  --query Parameter.Value \\
  --output text)

if [ -z "$TELEGRAM_TOKEN" ]; then
  echo "ERROR: Failed to retrieve Telegram token"
  exit 1
fi

# Retrieve Bedrock model
BEDROCK_MODEL=$(aws ssm get-parameter \\
  --name /moltbot/bedrock-model \\
  --region $REGION \\
  --query Parameter.Value \\
  --output text)

echo "Bedrock model: $BEDROCK_MODEL"

# Install Moltbot globally
echo "Installing Moltbot..."
npm install -g moltbot@latest

# Create moltbot user (run as non-root)
useradd -m -s /bin/bash moltbot || true

# Create config directory
mkdir -p /home/moltbot/.moltbot
chown -R moltbot:moltbot /home/moltbot

# Configure Moltbot for Bedrock
cat > /home/moltbot/.moltbot/config.json <<EOF
{
  "ai": {
    "provider": "bedrock",
    "model": "$BEDROCK_MODEL",
    "region": "$REGION"
  },
  "channels": {
    "telegram": {
      "enabled": true,
      "token": "$TELEGRAM_TOKEN"
    }
  },
  "security": {
    "dmPairing": true,
    "requireApproval": true
  }
}
EOF

chown moltbot:moltbot /home/moltbot/.moltbot/config.json
chmod 600 /home/moltbot/.moltbot/config.json

# Create systemd service
cat > /etc/systemd/system/moltbot.service <<EOF
[Unit]
Description=Moltbot AI Gateway
After=network.target

[Service]
Type=simple
User=moltbot
WorkingDirectory=/home/moltbot
ExecStart=/usr/bin/moltbot start
Restart=always
RestartSec=10
StandardOutput=journal
StandardError=journal
SyslogIdentifier=moltbot

[Install]
WantedBy=multi-user.target
EOF

# Start Moltbot service
systemctl daemon-reload
systemctl enable moltbot
systemctl start moltbot

# Verify service status
sleep 5
systemctl status moltbot --no-pager

echo "=== Moltbot Bootstrap Completed ==="
date",
              ],
            ],
          },
        },
      },
      "Type": "AWS::EC2::Instance",
    },
    "MoltbotInstanceInstanceProfile815F089D": {
      "Properties": {
        "Roles": [
          {
            "Ref": "MoltbotInstanceRoleC4110890",
          },
        ],
      },
      "Type": "AWS::IAM::InstanceProfile",
    },
    "MoltbotInstanceLaunchTemplate299DD40D": {
      "Properties": {
        "LaunchTemplateData": {
          "MetadataOptions": {
            "HttpTokens": "required",
          },
        },
        "LaunchTemplateName": "MoltbotInstanceLaunchTemplate",
      },
      "Type": "AWS::EC2::LaunchTemplate",
    },
    "MoltbotInstanceRoleC4110890": {
      "Properties": {
        "AssumeRolePolicyDocument": {
          "Statement": [
            {
              "Action": "sts:AssumeRole",
              "Effect": "Allow",
              "Principal": {
                "Service": "ec2.amazonaws.com",
              },
            },
          ],
          "Version": "2012-10-17",
        },
        "Description": "IAM role for Moltbot EC2 instance - Bedrock + SSM + CloudWatch",
        "ManagedPolicyArns": [
          {
            "Fn::Join": [
              "",
              [
                "arn:",
                {
                  "Ref": "AWS::Partition",
                },
                ":iam::aws:policy/AmazonSSMManagedInstanceCore",
              ],
            ],
          },
        ],
        "RoleName": "MoltbotGatewayRole",
      },
      "Type": "AWS::IAM::Role",
    },
    "MoltbotInstanceRoleDefaultPolicy422735F1": {
      "Properties": {
        "PolicyDocument": {
          "Statement": [
            {
              "Action": [
                "bedrock:InvokeModel",
                "bedrock:InvokeModelWithResponseStream",
              ],
              "Effect": "Allow",
              "Resource": "arn:aws:bedrock:*::foundation-model/anthropic.*",
              "Sid": "BedrockInvokeAnthropicModels",
            },
            {
              "Action": [
                "ssm:GetParameter",
                "ssm:GetParameters",
              ],
              "Effect": "Allow",
              "Resource": {
                "Fn::Join": [
                  "",
                  [
                    "arn:aws:ssm:",
                    {
                      "Ref": "AWS::Region",
                    },
                    ":",
                    {
                      "Ref": "AWS::AccountId",
                    },
                    ":parameter/moltbot/*",
                  ],
                ],
              },
              "Sid": "SSMParameterReadOnly",
            },
            {
              "Action": [
                "logs:CreateLogGroup",
                "logs:CreateLogStream",
                "logs:PutLogEvents",
                "logs:DescribeLogStreams",
              ],
              "Effect": "Allow",
              "Resource": {
                "Fn::Join": [
                  "",
                  [
                    "arn:aws:logs:",
                    {
                      "Ref": "AWS::Region",
                    },
                    ":",
                    {
                      "Ref": "AWS::AccountId",
                    },
                    ":log-group:/moltbot/*",
                  ],
                ],
              },
              "Sid": "CloudWatchLogsWrite",
            },
            {
              "Action": "cloudwatch:PutMetricData",
              "Condition": {
                "StringEquals": {
                  "cloudwatch:namespace": "Moltbot",
                },
              },
              "Effect": "Allow",
              "Resource": "*",
              "Sid": "CloudWatchMetricsWrite",
            },
          ],
          "Version": "2012-10-17",
        },
        "PolicyName": "MoltbotInstanceRoleDefaultPolicy422735F1",
        "Roles": [
          {
            "Ref": "MoltbotInstanceRoleC4110890",
          },
        ],
      },
      "Type": "AWS::IAM::Policy",
    },
    "MoltbotLogGroup316A0706": {
      "DeletionPolicy": "Delete",
      "Properties": {
        "LogGroupName": "/moltbot/gateway",
        "RetentionInDays": 7,
      },
      "Type": "AWS::Logs::LogGroup",
      "UpdateReplacePolicy": "Delete",
    },
    "MoltbotSecurityGroup55DBB83C": {
      "Properties": {
        "GroupDescription": "Moltbot Gateway - Zero inbound traffic (polling model)",
        "GroupName": "moltbot-gateway-sg",
        "SecurityGroupEgress": [
          {
            "CidrIp": "0.0.0.0/0",
            "Description": "Allow all outbound traffic by default",
            "IpProtocol": "-1",
          },
        ],
        "Tags": [
          {
            "Key": "SecurityPosture",
            "Value": "Zero-Inbound",
          },
        ],
        "VpcId": {
          "Ref": "MoltbotVPC2DC8143A",
        },
      },
      "Type": "AWS::EC2::SecurityGroup",
    },
    "MoltbotVPC2DC8143A": {
      "Properties": {
        "CidrBlock": "10.0.0.0/16",
        "EnableDnsHostnames": true,
        "EnableDnsSupport": true,
        "InstanceTenancy": "default",
        "Tags": [
          {
            "Key": "Name",
            "Value": "TestStack/MoltbotVPC",
          },
        ],
      },
      "Type": "AWS::EC2::VPC",
    },
    "MoltbotVPCIGWC464DBA0": {
      "Properties": {
        "Tags": [
          {
            "Key": "Name",
            "Value": "TestStack/MoltbotVPC",
          },
        ],
      },
      "Type": "AWS::EC2::InternetGateway",
    },
    "MoltbotVPCPublicSubnet1DefaultRoute315AE74E": {
      "DependsOn": [
        "MoltbotVPCVPCGW126E5864",
      ],
      "Properties": {
        "DestinationCidrBlock": "0.0.0.0/0",
        "GatewayId": {
          "Ref": "MoltbotVPCIGWC464DBA0",
        },
        "RouteTableId": {
          "Ref": "MoltbotVPCPublicSubnet1RouteTableD23649F9",
        },
      },
      "Type": "AWS::EC2::Route",
    },
    "MoltbotVPCPublicSubnet1RouteTableAssociation1E92CC9F": {
      "Properties": {
        "RouteTableId": {
          "Ref": "MoltbotVPCPublicSubnet1RouteTableD23649F9",
        },
        "SubnetId": {
          "Ref": "MoltbotVPCPublicSubnet1SubnetBA37B971",
        },
      },
      "Type": "AWS::EC2::SubnetRouteTableAssociation",
    },
    "MoltbotVPCPublicSubnet1RouteTableD23649F9": {
      "Properties": {
        "Tags": [
          {
            "Key": "Name",
            "Value": "TestStack/MoltbotVPC/PublicSubnet1",
          },
        ],
        "VpcId": {
          "Ref": "MoltbotVPC2DC8143A",
        },
      },
      "Type": "AWS::EC2::RouteTable",
    },
    "MoltbotVPCPublicSubnet1SubnetBA37B971": {
      "Properties": {
        "AvailabilityZone": {
          "Fn::Select": [
            0,
            {
              "Fn::GetAZs": "",
            },
          ],
        },
        "CidrBlock": "10.0.0.0/24",
        "MapPublicIpOnLaunch": true,
        "Tags": [
          {
            "Key": "aws-cdk:subnet-name",
            "Value": "Public",
          },
          {
            "Key": "aws-cdk:subnet-type",
            "Value": "Public",
          },
          {
            "Key": "Name",
            "Value": "TestStack/MoltbotVPC/PublicSubnet1",
          },
        ],
        "VpcId": {
          "Ref": "MoltbotVPC2DC8143A",
        },
      },
      "Type": "AWS::EC2::Subnet",
    },
    "MoltbotVPCVPCGW126E5864": {
      "Properties": {
        "InternetGatewayId": {
          "Ref": "MoltbotVPCIGWC464DBA0",
        },
        "VpcId": {
          "Ref": "MoltbotVPC2DC8143A",
        },
      },
      "Type": "AWS::EC2::VPCGatewayAttachment",
    },
    "TelegramTokenParameter12303434": {
      "Properties": {
        "Description": "Telegram Bot Token for Moltbot (KMS encrypted)",
        "Name": "/moltbot/telegram-token",
        "Tier": "Standard",
        "Type": "SecureString",
        "Value": {
          "Ref": "TelegramBotToken",
        },
      },
      "Type": "AWS::SSM::Parameter",
    },
  },
  "Rules": {
    "CheckBootstrapVersion": {
      "Assertions": [
        {
          "Assert": {
            "Fn::Not": [
              {
                "Fn::Contains": [
                  [
                    "1",
                    "2",
                    "3",
                    "4",
                    "5",
                  ],
                  {
                    "Ref": "BootstrapVersion",
                  },
                ],
              },
            ],
          },
          "AssertDescription": "CDK bootstrap stack version 6 required. Please run 'cdk bootstrap' with a recent version of the CDK CLI.",
        },
      ],
    },
  },
}
`;
